// Jest Snapshot v1, https://goo.gl/fbAQLP

exports[`ICAL module should parse iCal data into an array of CourseEvent objects 1`] = `
[
  {
    "dsl": [],
    "end": 2022-09-07T16:00:00.000Z,
    "start": 2022-09-07T12:30:00.000Z,
    "title": "LOG121-01 (C)",
    "type": 0,
    "uid": "http://signets.etsmtl.ca/horaire/345453-1",
  },
  {
    "dsl": [],
    "end": 2022-09-14T16:00:00.000Z,
    "start": 2022-09-14T12:30:00.000Z,
    "title": "LOG121-01 (C)",
    "type": 0,
    "uid": "http://signets.etsmtl.ca/horaire/345454-1",
  },
  {
    "dsl": [],
    "end": 2022-09-21T16:00:00.000Z,
    "start": 2022-09-21T12:30:00.000Z,
    "title": "LOG121-01 (C)",
    "type": 0,
    "uid": "http://signets.etsmtl.ca/horaire/345455-1",
  },
  {
    "dsl": [],
    "end": 2022-09-28T16:00:00.000Z,
    "start": 2022-09-28T12:30:00.000Z,
    "title": "LOG121-01 (C)",
    "type": 0,
    "uid": "http://signets.etsmtl.ca/horaire/345456-1",
  },
  {
    "dsl": [],
    "end": 2022-10-05T16:00:00.000Z,
    "start": 2022-10-05T12:30:00.000Z,
    "title": "LOG121-01 (C)",
    "type": 0,
    "uid": "http://signets.etsmtl.ca/horaire/345457-1",
  },
  {
    "dsl": [],
    "end": 2022-10-12T16:00:00.000Z,
    "start": 2022-10-12T12:30:00.000Z,
    "title": "LOG121-01 (C)",
    "type": 0,
    "uid": "http://signets.etsmtl.ca/horaire/345458-1",
  },
  {
    "dsl": [],
    "end": 2022-10-19T16:00:00.000Z,
    "start": 2022-10-19T12:30:00.000Z,
    "title": "LOG121-01 (C)",
    "type": 0,
    "uid": "http://signets.etsmtl.ca/horaire/345459-1",
  },
  {
    "dsl": [],
    "end": 2022-10-26T16:00:00.000Z,
    "start": 2022-10-26T12:30:00.000Z,
    "title": "LOG121-01 (C)",
    "type": 0,
    "uid": "http://signets.etsmtl.ca/horaire/345460-1",
  },
  {
    "dsl": [],
    "end": 2022-11-02T16:00:00.000Z,
    "start": 2022-11-02T12:30:00.000Z,
    "title": "LOG121-01 (C)",
    "type": 0,
    "uid": "http://signets.etsmtl.ca/horaire/345461-1",
  },
  {
    "dsl": [],
    "end": 2022-11-16T17:00:00.000Z,
    "start": 2022-11-16T13:30:00.000Z,
    "title": "LOG121-01 (C)",
    "type": 0,
    "uid": "http://signets.etsmtl.ca/horaire/345462-1",
  },
  {
    "dsl": [],
    "end": 2022-11-23T17:00:00.000Z,
    "start": 2022-11-23T13:30:00.000Z,
    "title": "LOG121-01 (C)",
    "type": 0,
    "uid": "http://signets.etsmtl.ca/horaire/345463-1",
  },
  {
    "dsl": [],
    "end": 2022-11-30T17:00:00.000Z,
    "start": 2022-11-30T13:30:00.000Z,
    "title": "LOG121-01 (C)",
    "type": 0,
    "uid": "http://signets.etsmtl.ca/horaire/345464-1",
  },
  {
    "dsl": [],
    "end": 2022-12-07T17:00:00.000Z,
    "start": 2022-12-07T13:30:00.000Z,
    "title": "LOG121-01 (C)",
    "type": 0,
    "uid": "http://signets.etsmtl.ca/horaire/345465-1",
  },
  {
    "dsl": [],
    "end": 2022-09-12T20:30:00.000Z,
    "start": 2022-09-12T17:30:00.000Z,
    "title": "LOG121-01 (Labo)",
    "type": 1,
    "uid": "http://signets.etsmtl.ca/horaire/345440-1",
  },
  {
    "dsl": [],
    "end": 2022-09-19T20:30:00.000Z,
    "start": 2022-09-19T17:30:00.000Z,
    "title": "LOG121-01 (Labo)",
    "type": 1,
    "uid": "http://signets.etsmtl.ca/horaire/345441-1",
  },
  {
    "dsl": [],
    "end": 2022-09-26T20:30:00.000Z,
    "start": 2022-09-26T17:30:00.000Z,
    "title": "LOG121-01 (Labo)",
    "type": 1,
    "uid": "http://signets.etsmtl.ca/horaire/345442-1",
  },
  {
    "dsl": [],
    "end": 2022-10-11T20:30:00.000Z,
    "start": 2022-10-11T17:30:00.000Z,
    "title": "LOG121-01 (Labo)",
    "type": 1,
    "uid": "http://signets.etsmtl.ca/horaire/345444-1",
  },
  {
    "dsl": [],
    "end": 2022-10-17T20:30:00.000Z,
    "start": 2022-10-17T17:30:00.000Z,
    "title": "LOG121-01 (Labo)",
    "type": 1,
    "uid": "http://signets.etsmtl.ca/horaire/345445-1",
  },
  {
    "dsl": [],
    "end": 2022-10-24T20:30:00.000Z,
    "start": 2022-10-24T17:30:00.000Z,
    "title": "LOG121-01 (Labo)",
    "type": 1,
    "uid": "http://signets.etsmtl.ca/horaire/345446-1",
  },
  {
    "dsl": [],
    "end": 2022-10-31T20:30:00.000Z,
    "start": 2022-10-31T17:30:00.000Z,
    "title": "LOG121-01 (Labo)",
    "type": 1,
    "uid": "http://signets.etsmtl.ca/horaire/345447-1",
  },
  {
    "dsl": [],
    "end": 2022-11-07T21:30:00.000Z,
    "start": 2022-11-07T18:30:00.000Z,
    "title": "LOG121-01 (Labo)",
    "type": 1,
    "uid": "http://signets.etsmtl.ca/horaire/345448-1",
  },
  {
    "dsl": [],
    "end": 2022-11-14T21:30:00.000Z,
    "start": 2022-11-14T18:30:00.000Z,
    "title": "LOG121-01 (Labo)",
    "type": 1,
    "uid": "http://signets.etsmtl.ca/horaire/345449-1",
  },
  {
    "dsl": [],
    "end": 2022-11-21T21:30:00.000Z,
    "start": 2022-11-21T18:30:00.000Z,
    "title": "LOG121-01 (Labo)",
    "type": 1,
    "uid": "http://signets.etsmtl.ca/horaire/345450-1",
  },
  {
    "dsl": [],
    "end": 2022-11-28T21:30:00.000Z,
    "start": 2022-11-28T18:30:00.000Z,
    "title": "LOG121-01 (Labo)",
    "type": 1,
    "uid": "http://signets.etsmtl.ca/horaire/345451-1",
  },
  {
    "dsl": [],
    "end": 2022-12-05T21:30:00.000Z,
    "start": 2022-12-05T18:30:00.000Z,
    "title": "LOG121-01 (Labo)",
    "type": 1,
    "uid": "http://signets.etsmtl.ca/horaire/345452-1",
  },
]
`;
